// Vitest Snapshot v1, https://vitest.dev/guide/snapshot.html

exports[`ResearchFolderSetupNew drop zone > renders the drop-zone with default hint copy and dashed border (snapshot) 1`] = `
<div
  class="relative bg-white/10 backdrop-blur-xl rounded-2xl shadow-2xl overflow-hidden transition-all border-2 border-dashed border-white/25 hover:border-white/40"
  data-testid="link-folder-drop-zone"
>
  <div
    class="p-6"
  >
    <div
      class="flex items-center gap-3 mb-4"
    >
      <div
        class="w-10 h-10 rounded-lg bg-blue-500/20 flex items-center justify-center"
      >
        <svg
          class="w-5 h-5 text-blue-400"
          fill="none"
          stroke="currentColor"
          viewBox="0 0 24 24"
        >
          <path
            d="M3 7v10a2 2 0 002 2h14a2 2 0 002-2V9a2 2 0 00-2-2h-6l-2-2H5a2 2 0 00-2 2z"
            stroke-linecap="round"
            stroke-linejoin="round"
            stroke-width="2"
          />
        </svg>
      </div>
      <h2
        class="text-heading font-bold text-white"
      >
        Link a folder
      </h2>
    </div>
    <p
      class="text-slate-400 text-body mb-4"
    >
      Point ResearchOS at a folder on your computer. It can be an existing ResearchOS folder (with your projects and data, maybe synced via OneDrive or iCloud), or a brand-new empty folder. We set up an empty folder automatically the first time you link it.
    </p>
    <div
      class="mb-4 rounded-lg bg-white/5 border border-white/10 p-3"
    >
      <p
        class="text-meta font-medium text-slate-300 mb-1"
      >
        Starting fresh? Make an empty folder first:
      </p>
      <ol
        class="text-meta text-slate-400 leading-relaxed list-decimal list-inside space-y-0.5"
        data-testid="picker-make-folder-steps"
      >
        <li>
          Open your file manager and make a 
          <strong>
            new
          </strong>
           
          folder anywhere you like (Documents/ResearchOS works well).
           
          <span
            class="text-amber-300 font-medium"
          >
            <strong>
              IMPORTANT
            </strong>
            : Chrome blocks Desktop, Documents, and Downloads themselves, but a folder you make INSIDE any of them works fine.
          </span>
        </li>
        <li>
          Name it something like ResearchOS.
        </li>
        <li>
          Click Link Folder below and select the folder you just made, not its top-level parent.
        </li>
      </ol>
    </div>
    <p
      class="text-meta mb-4 transition-colors text-slate-500"
    >
      Drop your folder here, or click below to pick
    </p>
    <button
      class="w-full py-2.5 bg-blue-500 hover:bg-blue-600 text-white font-medium rounded-lg transition-all flex items-center justify-center gap-2 disabled:opacity-50"
    >
      <svg
        class="w-4 h-4"
        fill="none"
        stroke="currentColor"
        viewBox="0 0 24 24"
      >
        <path
          d="M13.828 10.172a4 4 0 00-5.656 0l-4 4a4 4 0 105.656 5.656l1.102-1.101m-.758-4.899a4 4 0 005.656 0l4-4a4 4 0 00-5.656-5.656l-1.1 1.1"
          stroke-linecap="round"
          stroke-linejoin="round"
          stroke-width="2"
        />
      </svg>
      Link Folder
    </button>
  </div>
</div>
`;
